# Datasource properties file for Catalog - testJsonDepth. Please fill in the description to the below keys.
ShortUniqueName=
Description=
Source=
Version=
Build=