# Datasource properties file for Catalog - ALL.wgs.phase1_release_v3.20101123.snps_indels_sv.sites_GRCh37. Please fill in the description to the below keys.
ShortUniqueName=
Description=
Source=
Version=
Build=